// Jest Snapshot v1, https://goo.gl/fbAQLP

exports[`renders Navbar component 1`] = `
<DocumentFragment>
  <header
    class="header-container"
  >
    <a
      class="brand-container"
      href="/"
    >
      <img
        alt="Space Travel Logo"
        class="logo"
        src="planet.png"
      />
      <p
        class="logo-text"
      >
        Space Travelers' Hub
      </p>
    </a>
    <nav
      class="nav-container"
    >
      <ul
        class="links-list"
      >
        <li
          class="link-item link-item-active"
        >
          <a
            aria-current="page"
            class="active"
            href="/"
          >
            Rockets
          </a>
        </li>
        <li
          class="link-item "
        >
          <a
            class=""
            href="/missions"
          >
            Missions
          </a>
        </li>
        <li
          class="link-item "
        >
          <a
            class=""
            href="/profile"
          >
            My Profile
          </a>
        </li>
      </ul>
    </nav>
  </header>
</DocumentFragment>
`;
